// Jest Snapshot v1, https://goo.gl/fbAQLP

exports[`<ListCard> Structure renders correctly if data props is set 1`] = `
<View
  style={
    Object {
      "backgroundColor": "white",
      "borderBottomWidth": 0.5,
      "borderColor": "#CCCCCC",
      "borderLeftWidth": 0.5,
      "borderRightWidth": 0.5,
      "borderTopWidth": 0.5,
      "borderWidth": 1,
      "flex": 1,
      "flexDirection": "column",
      "marginBottom": 5,
      "marginLeft": 5,
      "marginRight": 5,
      "padding": 30,
    }
  }
>
  <View
    style={
      Object {
        "flex": 1,
        "flexDirection": "row",
        "justifyContent": "space-between",
        "padding": 5,
      }
    }
  >
    <Text
      style={
        Object {
          "alignItems": "flex-start",
          "color": "#6E7C81",
          "fontFamily": "AvenirNext-Regular",
          "fontSize": 14,
          "fontWeight": "400",
        }
      }
    >
      Guest name 
    </Text>
    <Text
      style={
        Object {
          "alignItems": "flex-end",
          "color": "#6E7C81",
          "fontFamily": "AvenirNextCondensed-DemiBold",
          "fontSize": 14,
          "fontWeight": "600",
        }
      }
    >
       
      Sample text
       
    </Text>
  </View>
  <View
    style={
      Object {
        "backgroundColor": "#F2FBFF",
        "flex": 1,
        "flexDirection": "row",
        "justifyContent": "space-between",
        "padding": 5,
      }
    }
  >
    <Text
      style={
        Object {
          "alignItems": "flex-start",
          "color": "#6E7C81",
          "fontFamily": "AvenirNext-Regular",
          "fontSize": 14,
          "fontWeight": "400",
        }
      }
    >
      Hotel name 
    </Text>
    <Text
      style={
        Object {
          "alignItems": "flex-end",
          "color": "#6E7C81",
          "fontFamily": "AvenirNextCondensed-DemiBold",
          "fontSize": 14,
          "fontWeight": "600",
        }
      }
    >
       
       
    </Text>
  </View>
  <View
    style={
      Object {
        "flex": 1,
        "flexDirection": "row",
        "justifyContent": "space-between",
        "padding": 5,
      }
    }
  >
    <Text
      style={
        Object {
          "alignItems": "flex-start",
          "color": "#6E7C81",
          "fontFamily": "AvenirNext-Regular",
          "fontSize": 14,
          "fontWeight": "400",
        }
      }
    >
      Arrival date
    </Text>
    <Text
      style={
        Object {
          "alignItems": "flex-end",
          "color": "#6E7C81",
          "fontFamily": "AvenirNextCondensed-DemiBold",
          "fontSize": 14,
          "fontWeight": "600",
        }
      }
    >
       
       
    </Text>
  </View>
  <View
    style={
      Object {
        "backgroundColor": "#F2FBFF",
        "flex": 1,
        "flexDirection": "row",
        "justifyContent": "space-between",
        "padding": 5,
      }
    }
  >
    <Text
      style={
        Object {
          "alignItems": "flex-start",
          "color": "#6E7C81",
          "fontFamily": "AvenirNext-Regular",
          "fontSize": 14,
          "fontWeight": "400",
        }
      }
    >
      Departure date
    </Text>
    <Text
      style={
        Object {
          "alignItems": "flex-end",
          "color": "#6E7C81",
          "fontFamily": "AvenirNextCondensed-DemiBold",
          "fontSize": 14,
          "fontWeight": "600",
        }
      }
    >
       
       
    </Text>
  </View>
</View>
`;
