// Jest Snapshot v1, https://goo.gl/fbAQLP

exports[`<Input> Structure renders correctly 1`] = `
<View
  style={
    Object {
      "flexDirection": "column",
    }
  }
>
  <TextInput
    allowFontScaling={true}
    autoCapitalize="none"
    autoCorrect={false}
    keyboardType="default"
    maxLength={600}
    onBlur={[Function]}
    onChangeText={[Function]}
    onFocus={[Function]}
    returnKeyType="next"
    style={
      Array [
        Object {
          "backgroundColor": "white",
          "borderColor": "#CCCCCC",
          "borderRadius": 2,
          "borderWidth": 0.5,
          "color": "#2d2d2d",
          "fontFamily": "AvenirNext-Regular",
          "fontSize": 14,
          "height": 36,
          "padding": 10,
          "width": 200,
        },
        undefined,
        null,
      ]
    }
    underlineColorAndroid="transparent"
  />
</View>
`;
